
10월 01, 2025 10:51:35.103 NEW SESSION
10월 01, 2025 10:51:35.103 [21816:19468:1001/105135.086:ERROR:google_apis\gcm\engine\registration_request.cc:291] Registration response error message: DEPRECATED_ENDPOINT
10월 01, 2025 10:51:35.183 Created TensorFlow Lite XNNPACK delegate for CPU.
10월 01, 2025 10:52:06.196 Created TensorFlow Lite XNNPACK delegate for CPU.
10월 01, 2025 10:52:06.246 [15040:4492:1001/105206.246:ERROR:google_apis\gcm\engine\registration_request.cc:291] Registration response error message: DEPRECATED_ENDPOINT
10월 01, 2025 10:52:27.209 [15040:4492:1001/105227.208:ERROR:google_apis\gcm\engine\connection_factory_impl.cc:434] Failed to connect to MCS endpoint with error -118
10월 01, 2025 10:52:29.373 [15040:4492:1001/105229.372:ERROR:google_apis\gcm\engine\registration_request.cc:291] Registration response error message: QUOTA_EXCEEDED
10월 01, 2025 10:53:13.194 [15040:4492:1001/105313.193:ERROR:google_apis\gcm\engine\connection_factory_impl.cc:434] Failed to connect to MCS endpoint with error -118
10월 01, 2025 10:54:22.740 Created TensorFlow Lite XNNPACK delegate for CPU.
10월 01, 2025 10:54:22.798 [7260:8328:1001/105422.798:ERROR:google_apis\gcm\engine\registration_request.cc:291] Registration response error message: QUOTA_EXCEEDED
10월 01, 2025 10:54:31.843 Created TensorFlow Lite XNNPACK delegate for CPU.
10월 01, 2025 10:54:31.934 [23476:2744:1001/105431.934:ERROR:google_apis\gcm\engine\registration_request.cc:291] Registration response error message: DEPRECATED_ENDPOINT
10월 01, 2025 10:54:58.634 [23476:2744:1001/105458.633:ERROR:google_apis\gcm\engine\registration_request.cc:291] Registration response error message: DEPRECATED_ENDPOINT
10월 01, 2025 10:55:53.602 [23476:2744:1001/105553.602:ERROR:google_apis\gcm\engine\registration_request.cc:291] Registration response error message: QUOTA_EXCEEDED
10월 01, 2025 10:59:54.683 Created TensorFlow Lite XNNPACK delegate for CPU.
10월 01, 2025 10:59:54.742 [1524:23520:1001/105954.742:ERROR:google_apis\gcm\engine\registration_request.cc:291] Registration response error message: QUOTA_EXCEEDED
10월 01, 2025 11:43:13.41 Created TensorFlow Lite XNNPACK delegate for CPU.
10월 01, 2025 11:43:13.93 [9432:23016:1001/114313.093:ERROR:google_apis\gcm\engine\registration_request.cc:291] Registration response error message: DEPRECATED_ENDPOINT
10월 01, 2025 11:43:37.592 [9432:23016:1001/114337.591:ERROR:google_apis\gcm\engine\registration_request.cc:291] Registration response error message: DEPRECATED_ENDPOINT
10월 01, 2025 11:44:24.993 [9432:23016:1001/114424.992:ERROR:google_apis\gcm\engine\registration_request.cc:291] Registration response error message: DEPRECATED_ENDPOINT
10월 01, 2025 11:46:07.218 [9432:23016:1001/114607.217:ERROR:google_apis\gcm\engine\registration_request.cc:291] Registration response error message: DEPRECATED_ENDPOINT
10월 01, 2025 11:48:05.327 Created TensorFlow Lite XNNPACK delegate for CPU.
10월 01, 2025 11:48:05.405 [4744:9204:1001/114805.405:ERROR:google_apis\gcm\engine\registration_request.cc:291] Registration response error message: DEPRECATED_ENDPOINT
10월 01, 2025 11:48:33.638 [4744:9204:1001/114833.637:ERROR:google_apis\gcm\engine\registration_request.cc:291] Registration response error message: DEPRECATED_ENDPOINT
10월 01, 2025 11:48:41.240 Created TensorFlow Lite XNNPACK delegate for CPU.
10월 01, 2025 11:48:41.345 [9744:17848:1001/114841.344:ERROR:google_apis\gcm\engine\registration_request.cc:291] Registration response error message: DEPRECATED_ENDPOINT
10월 01, 2025 11:49:10.802 [9744:17848:1001/114910.801:ERROR:google_apis\gcm\engine\registration_request.cc:291] Registration response error message: DEPRECATED_ENDPOINT
10월 01, 2025 11:49:56.517 [9744:17848:1001/114956.517:ERROR:google_apis\gcm\engine\registration_request.cc:291] Registration response error message: DEPRECATED_ENDPOINT
10월 01, 2025 11:50:51.767 Created TensorFlow Lite XNNPACK delegate for CPU.
10월 01, 2025 11:50:51.961 [12100:14976:1001/115051.961:ERROR:google_apis\gcm\engine\registration_request.cc:291] Registration response error message: DEPRECATED_ENDPOINT
10월 01, 2025 11:51:18.453 [12100:14976:1001/115118.453:ERROR:google_apis\gcm\engine\registration_request.cc:291] Registration response error message: DEPRECATED_ENDPOINT
10월 01, 2025 11:52:08.781 [12100:14976:1001/115208.781:ERROR:google_apis\gcm\engine\registration_request.cc:291] Registration response error message: DEPRECATED_ENDPOINT
10월 01, 2025 11:53:38.866 [12100:14976:1001/115338.865:ERROR:google_apis\gcm\engine\registration_request.cc:291] Registration response error message: QUOTA_EXCEEDED
10월 01, 2025 13:07:51.897 Created TensorFlow Lite XNNPACK delegate for CPU.
10월 01, 2025 13:07:52.144 [12104:10792:1001/130752.144:ERROR:google_apis\gcm\engine\registration_request.cc:291] Registration response error message: QUOTA_EXCEEDED
10월 01, 2025 15:36:31.476 Created TensorFlow Lite XNNPACK delegate for CPU.
10월 01, 2025 15:36:31.625 [18000:21280:1001/153631.624:ERROR:google_apis\gcm\engine\registration_request.cc:291] Registration response error message: DEPRECATED_ENDPOINT
10월 01, 2025 15:37:00.105 [18000:21280:1001/153700.105:ERROR:google_apis\gcm\engine\registration_request.cc:291] Registration response error message: DEPRECATED_ENDPOINT
10월 01, 2025 15:37:53.837 Created TensorFlow Lite XNNPACK delegate for CPU.
10월 01, 2025 15:37:53.880 [19668:20948:1001/153753.880:ERROR:google_apis\gcm\engine\registration_request.cc:291] Registration response error message: QUOTA_EXCEEDED
10월 01, 2025 15:39:51.607 Created TensorFlow Lite XNNPACK delegate for CPU.
10월 01, 2025 15:39:51.758 [11880:8544:1001/153951.757:ERROR:google_apis\gcm\engine\registration_request.cc:291] Registration response error message: QUOTA_EXCEEDED
10월 01, 2025 15:40:28.973 Created TensorFlow Lite XNNPACK delegate for CPU.
10월 01, 2025 15:40:29.41 [14748:19284:1001/154029.040:ERROR:google_apis\gcm\engine\registration_request.cc:291] Registration response error message: DEPRECATED_ENDPOINT
10월 01, 2025 15:40:58.832 [14748:19284:1001/154058.832:ERROR:google_apis\gcm\engine\registration_request.cc:291] Registration response error message: QUOTA_EXCEEDED
10월 01, 2025 16:06:26.769 Created TensorFlow Lite XNNPACK delegate for CPU.
10월 01, 2025 16:06:26.837 [21908:13336:1001/160626.837:ERROR:google_apis\gcm\engine\registration_request.cc:291] Registration response error message: DEPRECATED_ENDPOINT
10월 01, 2025 16:06:50.677 [21908:13336:1001/160650.676:ERROR:google_apis\gcm\engine\registration_request.cc:291] Registration response error message: DEPRECATED_ENDPOINT
10월 01, 2025 16:07:37.362 [21908:13336:1001/160737.362:ERROR:google_apis\gcm\engine\registration_request.cc:291] Registration response error message: QUOTA_EXCEEDED
10월 01, 2025 16:22:00.800 [21908:13336:1001/162200.799:ERROR:google_apis\gcm\engine\connection_factory_impl.cc:483] ConnectionHandler failed with net error: -2
10월 01, 2025 18:00:21.191 [21908:10124:1001/180021.190:ERROR:mojo\public\cpp\bindings\lib\interface_endpoint_client.cc:732] Message 0 rejected by interface blink.mojom.WidgetHost
10월 02, 2025 09:02:20.713 Created TensorFlow Lite XNNPACK delegate for CPU.
10월 02, 2025 09:02:20.856 [16664:10580:1002/090220.855:ERROR:google_apis\gcm\engine\registration_request.cc:291] Registration response error message: DEPRECATED_ENDPOINT
10월 02, 2025 09:02:44.289 [16664:10580:1002/090244.288:ERROR:google_apis\gcm\engine\registration_request.cc:291] Registration response error message: DEPRECATED_ENDPOINT
10월 02, 2025 09:03:37.917 [16664:10580:1002/090337.916:ERROR:google_apis\gcm\engine\registration_request.cc:291] Registration response error message: QUOTA_EXCEEDED
10월 02, 2025 11:33:44.232 Created TensorFlow Lite XNNPACK delegate for CPU.
10월 02, 2025 11:33:44.264 [13412:16808:1002/113344.264:ERROR:google_apis\gcm\engine\registration_request.cc:291] Registration response error message: DEPRECATED_ENDPOINT
10월 02, 2025 11:34:13.250 [13412:16808:1002/113413.250:ERROR:google_apis\gcm\engine\registration_request.cc:291] Registration response error message: DEPRECATED_ENDPOINT
10월 02, 2025 11:35:08.723 [13412:16808:1002/113508.722:ERROR:google_apis\gcm\engine\registration_request.cc:291] Registration response error message: DEPRECATED_ENDPOINT
10월 02, 2025 11:36:38.198 [13412:16808:1002/113638.198:ERROR:google_apis\gcm\engine\registration_request.cc:291] Registration response error message: DEPRECATED_ENDPOINT
10월 02, 2025 11:39:28.127 [13412:16808:1002/113928.126:ERROR:google_apis\gcm\engine\registration_request.cc:291] Registration response error message: QUOTA_EXCEEDED
10월 02, 2025 12:26:31.89 [13412:16980:1002/122631.088:ERROR:mojo\public\cpp\bindings\lib\interface_endpoint_client.cc:732] Message 5 rejected by interface blink.mojom.WidgetHost
10월 02, 2025 15:26:32.728 Created TensorFlow Lite XNNPACK delegate for CPU.
10월 02, 2025 15:26:32.912 [22704:5568:1002/152632.912:ERROR:google_apis\gcm\engine\registration_request.cc:291] Registration response error message: DEPRECATED_ENDPOINT
10월 02, 2025 15:26:53.146 [22704:5568:1002/152653.146:ERROR:google_apis\gcm\engine\registration_request.cc:291] Registration response error message: DEPRECATED_ENDPOINT
10월 02, 2025 15:27:52.979 [22704:5568:1002/152752.978:ERROR:google_apis\gcm\engine\registration_request.cc:291] Registration response error message: DEPRECATED_ENDPOINT
10월 02, 2025 15:29:38.311 [22704:5568:1002/152938.310:ERROR:google_apis\gcm\engine\registration_request.cc:291] Registration response error message: DEPRECATED_ENDPOINT
10월 02, 2025 15:33:18.50 [22704:5568:1002/153318.050:ERROR:google_apis\gcm\engine\registration_request.cc:291] Registration response error message: DEPRECATED_ENDPOINT
10월 02, 2025 15:40:32.231 [22704:5568:1002/154032.231:ERROR:google_apis\gcm\engine\registration_request.cc:291] Registration response error message: QUOTA_EXCEEDED
10월 02, 2025 16:06:14.445 Created TensorFlow Lite XNNPACK delegate for CPU.
10월 02, 2025 16:06:14.587 [16432:2624:1002/160614.586:ERROR:google_apis\gcm\engine\registration_request.cc:291] Registration response error message: QUOTA_EXCEEDED
10월 02, 2025 21:02:21.302 [16432:2624:1002/210221.301:ERROR:google_apis\gcm\engine\registration_request.cc:291] Registration response error message: DEPRECATED_ENDPOINT
10월 02, 2025 21:02:44.595 [16432:2624:1002/210244.595:ERROR:google_apis\gcm\engine\registration_request.cc:291] Registration response error message: DEPRECATED_ENDPOINT
10월 02, 2025 21:03:29.174 [16432:2624:1002/210329.173:ERROR:google_apis\gcm\engine\registration_request.cc:291] Registration response error message: QUOTA_EXCEEDED
10월 03, 2025 09:02:21.549 [16432:2624:1003/090221.547:ERROR:google_apis\gcm\engine\registration_request.cc:291] Registration response error message: DEPRECATED_ENDPOINT
10월 03, 2025 09:02:44.541 [16432:2624:1003/090244.540:ERROR:google_apis\gcm\engine\registration_request.cc:291] Registration response error message: DEPRECATED_ENDPOINT
10월 03, 2025 09:03:31.502 [16432:2624:1003/090331.501:ERROR:google_apis\gcm\engine\registration_request.cc:291] Registration response error message: DEPRECATED_ENDPOINT
10월 03, 2025 09:05:16.429 [16432:2624:1003/090516.428:ERROR:google_apis\gcm\engine\registration_request.cc:291] Registration response error message: QUOTA_EXCEEDED
10월 03, 2025 21:02:20.713 [16432:2624:1003/210220.712:ERROR:google_apis\gcm\engine\registration_request.cc:291] Registration response error message: QUOTA_EXCEEDED
10월 04, 2025 06:21:02.216 [16432:2624:1004/062102.215:ERROR:google_apis\gcm\engine\mcs_client.cc:748] Received close command, resetting connection.
10월 04, 2025 09:02:20.765 [16432:2624:1004/090220.764:ERROR:google_apis\gcm\engine\registration_request.cc:291] Registration response error message: DEPRECATED_ENDPOINT
10월 04, 2025 09:02:45.808 [16432:2624:1004/090245.807:ERROR:google_apis\gcm\engine\registration_request.cc:291] Registration response error message: DEPRECATED_ENDPOINT
10월 04, 2025 09:03:35.882 [16432:2624:1004/090335.881:ERROR:google_apis\gcm\engine\registration_request.cc:291] Registration response error message: DEPRECATED_ENDPOINT
10월 04, 2025 09:05:00.846 [16432:2624:1004/090500.846:ERROR:google_apis\gcm\engine\registration_request.cc:291] Registration response error message: QUOTA_EXCEEDED
10월 04, 2025 21:02:20.930 [16432:2624:1004/210220.929:ERROR:google_apis\gcm\engine\registration_request.cc:291] Registration response error message: DEPRECATED_ENDPOINT
10월 04, 2025 21:02:48.116 [16432:2624:1004/210248.115:ERROR:google_apis\gcm\engine\registration_request.cc:291] Registration response error message: QUOTA_EXCEEDED
10월 05, 2025 06:30:58.198 [16432:20680:1005/063058.195:ERROR:components\system_cpu\cpu_probe_win.cc:134] PdhGetFormattedCounterValue failed: Error (0x13D) while retrieving error. (0x800007D6)
10월 05, 2025 06:32:25.830 [16432:20680:1005/063225.829:ERROR:components\system_cpu\cpu_probe_win.cc:134] PdhGetFormattedCounterValue failed: Error (0x13D) while retrieving error. (0x800007D6)
10월 05, 2025 09:02:20.725 [16432:2624:1005/090220.724:ERROR:google_apis\gcm\engine\registration_request.cc:291] Registration response error message: DEPRECATED_ENDPOINT
10월 05, 2025 09:02:47.299 [16432:2624:1005/090247.299:ERROR:google_apis\gcm\engine\registration_request.cc:291] Registration response error message: QUOTA_EXCEEDED
10월 05, 2025 21:02:20.834 [16432:2624:1005/210220.833:ERROR:google_apis\gcm\engine\registration_request.cc:291] Registration response error message: QUOTA_EXCEEDED
10월 06, 2025 09:02:20.980 [16432:2624:1006/090220.980:ERROR:google_apis\gcm\engine\registration_request.cc:291] Registration response error message: QUOTA_EXCEEDED
10월 06, 2025 21:02:21.230 [16432:2624:1006/210221.229:ERROR:google_apis\gcm\engine\registration_request.cc:291] Registration response error message: QUOTA_EXCEEDED
10월 07, 2025 09:02:21.351 [16432:2624:1007/090221.350:ERROR:google_apis\gcm\engine\registration_request.cc:291] Registration response error message: DEPRECATED_ENDPOINT
10월 07, 2025 09:02:50.949 [16432:2624:1007/090250.948:ERROR:google_apis\gcm\engine\registration_request.cc:291] Registration response error message: DEPRECATED_ENDPOINT
10월 07, 2025 09:03:41.709 [16432:2624:1007/090341.709:ERROR:google_apis\gcm\engine\registration_request.cc:291] Registration response error message: QUOTA_EXCEEDED
10월 07, 2025 13:49:40.736 [16432:2624:1007/134940.736:ERROR:google_apis\gcm\engine\mcs_client.cc:748] Received close command, resetting connection.
10월 07, 2025 21:02:21.484 [16432:2624:1007/210221.483:ERROR:google_apis\gcm\engine\registration_request.cc:291] Registration response error message: DEPRECATED_ENDPOINT
10월 07, 2025 21:02:50.931 [16432:2624:1007/210250.930:ERROR:google_apis\gcm\engine\registration_request.cc:291] Registration response error message: QUOTA_EXCEEDED
10월 08, 2025 09:02:21.720 [16432:2624:1008/090221.719:ERROR:google_apis\gcm\engine\registration_request.cc:291] Registration response error message: DEPRECATED_ENDPOINT
10월 08, 2025 09:02:48.637 [16432:2624:1008/090248.637:ERROR:google_apis\gcm\engine\registration_request.cc:291] Registration response error message: DEPRECATED_ENDPOINT
10월 08, 2025 09:03:47.833 [16432:2624:1008/090347.832:ERROR:google_apis\gcm\engine\registration_request.cc:291] Registration response error message: QUOTA_EXCEEDED
10월 08, 2025 15:57:55.259 [16432:2624:1008/155755.258:ERROR:google_apis\gcm\engine\connection_factory_impl.cc:483] ConnectionHandler failed with net error: -2
10월 08, 2025 20:55:50.75 [16432:2624:1008/205550.074:ERROR:google_apis\gcm\engine\mcs_client.cc:748] Received close command, resetting connection.
10월 08, 2025 21:02:21.915 [16432:2624:1008/210221.914:ERROR:google_apis\gcm\engine\registration_request.cc:291] Registration response error message: QUOTA_EXCEEDED
10월 08, 2025 22:03:02.593 [16432:2624:1008/220302.592:ERROR:google_apis\gcm\engine\connection_factory_impl.cc:483] ConnectionHandler failed with net error: -2
10월 09, 2025 09:02:22.121 [16432:2624:1009/090222.119:ERROR:google_apis\gcm\engine\registration_request.cc:291] Registration response error message: DEPRECATED_ENDPOINT
10월 09, 2025 09:02:46.971 [16432:2624:1009/090246.970:ERROR:google_apis\gcm\engine\registration_request.cc:291] Registration response error message: DEPRECATED_ENDPOINT
10월 09, 2025 09:03:29.823 [16432:2624:1009/090329.822:ERROR:google_apis\gcm\engine\registration_request.cc:291] Registration response error message: DEPRECATED_ENDPOINT
10월 09, 2025 09:04:54.940 [16432:2624:1009/090454.939:ERROR:google_apis\gcm\engine\registration_request.cc:291] Registration response error message: DEPRECATED_ENDPOINT
10월 09, 2025 09:08:41.501 [16432:2624:1009/090841.500:ERROR:google_apis\gcm\engine\registration_request.cc:291] Registration response error message: QUOTA_EXCEEDED
10월 09, 2025 21:02:21.296 [16432:2624:1009/210221.295:ERROR:google_apis\gcm\engine\registration_request.cc:291] Registration response error message: QUOTA_EXCEEDED
10월 10, 2025 09:02:21.394 [16432:2624:1010/090221.393:ERROR:google_apis\gcm\engine\registration_request.cc:291] Registration response error message: DEPRECATED_ENDPOINT
10월 10, 2025 09:02:49.654 [16432:2624:1010/090249.653:ERROR:google_apis\gcm\engine\registration_request.cc:291] Registration response error message: QUOTA_EXCEEDED
10월 10, 2025 21:02:21.718 [16432:2624:1010/210221.717:ERROR:google_apis\gcm\engine\registration_request.cc:291] Registration response error message: DEPRECATED_ENDPOINT
10월 10, 2025 21:02:45.821 [16432:2624:1010/210245.820:ERROR:google_apis\gcm\engine\registration_request.cc:291] Registration response error message: QUOTA_EXCEEDED
10월 11, 2025 09:02:21.768 [16432:2624:1011/090221.765:ERROR:google_apis\gcm\engine\registration_request.cc:291] Registration response error message: QUOTA_EXCEEDED
10월 11, 2025 21:02:21.958 [16432:2624:1011/210221.957:ERROR:google_apis\gcm\engine\registration_request.cc:291] Registration response error message: QUOTA_EXCEEDED
10월 12, 2025 09:02:22.72 [16432:2624:1012/090222.070:ERROR:google_apis\gcm\engine\registration_request.cc:291] Registration response error message: QUOTA_EXCEEDED
10월 12, 2025 21:02:22.313 [16432:2624:1012/210222.312:ERROR:google_apis\gcm\engine\registration_request.cc:291] Registration response error message: DEPRECATED_ENDPOINT
10월 12, 2025 21:02:52.60 [16432:2624:1012/210252.060:ERROR:google_apis\gcm\engine\registration_request.cc:291] Registration response error message: QUOTA_EXCEEDED
10월 13, 2025 09:02:22.578 [16432:2624:1013/090222.577:ERROR:google_apis\gcm\engine\registration_request.cc:291] Registration response error message: QUOTA_EXCEEDED
10월 13, 2025 09:04:27.368 [12112:19036:1013/090427.367:ERROR:google_apis\gcm\engine\registration_request.cc:291] Registration response error message: QUOTA_EXCEEDED
10월 13, 2025 09:04:27.498 Created TensorFlow Lite XNNPACK delegate for CPU.
10월 13, 2025 09:35:11.395 Created TensorFlow Lite XNNPACK delegate for CPU.
10월 13, 2025 09:35:11.504 [17136:9952:1013/093511.504:ERROR:google_apis\gcm\engine\registration_request.cc:291] Registration response error message: QUOTA_EXCEEDED
10월 13, 2025 09:42:38.913 Created TensorFlow Lite XNNPACK delegate for CPU.
10월 13, 2025 09:42:39.110 [5592:5032:1013/094239.109:ERROR:google_apis\gcm\engine\registration_request.cc:291] Registration response error message: QUOTA_EXCEEDED
10월 13, 2025 10:01:08.945 Created TensorFlow Lite XNNPACK delegate for CPU.
10월 13, 2025 10:01:09.72 [20620:11804:1013/100109.072:ERROR:google_apis\gcm\engine\registration_request.cc:291] Registration response error message: QUOTA_EXCEEDED
10월 13, 2025 10:08:44.249 Created TensorFlow Lite XNNPACK delegate for CPU.
10월 13, 2025 10:08:44.309 [23512:22896:1013/100844.308:ERROR:google_apis\gcm\engine\registration_request.cc:291] Registration response error message: DEPRECATED_ENDPOINT
10월 13, 2025 10:09:05.250 [23512:22896:1013/100905.249:ERROR:google_apis\gcm\engine\connection_factory_impl.cc:434] Failed to connect to MCS endpoint with error -118
10월 13, 2025 10:09:12.432 [23512:22896:1013/100912.432:ERROR:google_apis\gcm\engine\registration_request.cc:291] Registration response error message: DEPRECATED_ENDPOINT
10월 13, 2025 10:09:54.436 [23512:22896:1013/100954.436:ERROR:google_apis\gcm\engine\connection_factory_impl.cc:434] Failed to connect to MCS endpoint with error -118
10월 13, 2025 10:10:02.641 [23512:22896:1013/101002.641:ERROR:google_apis\gcm\engine\registration_request.cc:291] Registration response error message: DEPRECATED_ENDPOINT
10월 13, 2025 10:11:06.587 [23512:22896:1013/101106.586:ERROR:google_apis\gcm\engine\connection_factory_impl.cc:434] Failed to connect to MCS endpoint with error -118
10월 13, 2025 10:12:01.182 [23512:22896:1013/101201.181:ERROR:google_apis\gcm\engine\registration_request.cc:291] Registration response error message: QUOTA_EXCEEDED
10월 13, 2025 11:30:58.953 Created TensorFlow Lite XNNPACK delegate for CPU.
10월 13, 2025 11:30:59.75 [23652:19148:1013/113059.074:ERROR:google_apis\gcm\engine\registration_request.cc:291] Registration response error message: QUOTA_EXCEEDED
10월 13, 2025 12:36:23.96 Created TensorFlow Lite XNNPACK delegate for CPU.
10월 13, 2025 12:36:23.145 [24292:17268:1013/123623.145:ERROR:google_apis\gcm\engine\registration_request.cc:291] Registration response error message: DEPRECATED_ENDPOINT
10월 13, 2025 12:36:48.862 [24292:17268:1013/123648.861:ERROR:google_apis\gcm\engine\registration_request.cc:291] Registration response error message: QUOTA_EXCEEDED
10월 13, 2025 14:03:45.214 Created TensorFlow Lite XNNPACK delegate for CPU.
10월 13, 2025 14:03:45.239 [4644:8896:1013/140345.239:ERROR:google_apis\gcm\engine\registration_request.cc:291] Registration response error message: DEPRECATED_ENDPOINT
10월 13, 2025 14:04:06.710 [4644:8896:1013/140406.709:ERROR:google_apis\gcm\engine\registration_request.cc:291] Registration response error message: QUOTA_EXCEEDED
10월 13, 2025 15:07:33.416 Created TensorFlow Lite XNNPACK delegate for CPU.
10월 13, 2025 15:07:33.457 [24516:14468:1013/150733.457:ERROR:google_apis\gcm\engine\registration_request.cc:291] Registration response error message: DEPRECATED_ENDPOINT
10월 13, 2025 15:07:58.687 [24516:14468:1013/150758.686:ERROR:google_apis\gcm\engine\registration_request.cc:291] Registration response error message: QUOTA_EXCEEDED
10월 13, 2025 21:02:22.683 [24516:14468:1013/210222.682:ERROR:google_apis\gcm\engine\registration_request.cc:291] Registration response error message: DEPRECATED_ENDPOINT
10월 13, 2025 21:02:50.541 [24516:14468:1013/210250.541:ERROR:google_apis\gcm\engine\registration_request.cc:291] Registration response error message: DEPRECATED_ENDPOINT
10월 13, 2025 21:03:47.573 [24516:14468:1013/210347.572:ERROR:google_apis\gcm\engine\registration_request.cc:291] Registration response error message: QUOTA_EXCEEDED
10월 14, 2025 09:02:22.894 [24516:14468:1014/090222.893:ERROR:google_apis\gcm\engine\registration_request.cc:291] Registration response error message: DEPRECATED_ENDPOINT
10월 14, 2025 09:02:50.108 [24516:14468:1014/090250.107:ERROR:google_apis\gcm\engine\registration_request.cc:291] Registration response error message: DEPRECATED_ENDPOINT
10월 14, 2025 09:03:40.933 [24516:14468:1014/090340.932:ERROR:google_apis\gcm\engine\registration_request.cc:291] Registration response error message: QUOTA_EXCEEDED
10월 14, 2025 09:19:11.441 [24516:7108:1014/091911.440:ERROR:mojo\public\cpp\bindings\lib\interface_endpoint_client.cc:732] Message 5 rejected by interface blink.mojom.WidgetHost
10월 14, 2025 09:19:11.444 [24516:7108:1014/091911.444:ERROR:mojo\public\cpp\bindings\lib\interface_endpoint_client.cc:732] Message 1836399548 rejected by interface blink.mojom.FrameWidgetHost
